Archive member included to satisfy reference by file (symbol)

D:/Programy/STMicroelectronics/STM32CubeIDE_1.19.0/STM32CubeIDE/plugins/com.st.stm32cube.ide.mcu.externaltools.gnu-tools-for-stm32.13.3.rel1.win32_1.0.0.202411081344/tools/bin/../lib/gcc/arm-none-eabi/13.3.1/../../../../arm-none-eabi/lib/thumb/v6-m/nofp\libc_nano.a(libc_a-exit.o)
                              D:/Programy/STMicroelectronics/STM32CubeIDE_1.19.0/STM32CubeIDE/plugins/com.st.stm32cube.ide.mcu.externaltools.gnu-tools-for-stm32.13.3.rel1.win32_1.0.0.202411081344/tools/bin/../lib/gcc/arm-none-eabi/13.3.1/../../../../arm-none-eabi/lib/thumb/v6-m/nofp/crt0.o (exit)
D:/Programy/STMicroelectronics/STM32CubeIDE_1.19.0/STM32CubeIDE/plugins/com.st.stm32cube.ide.mcu.externaltools.gnu-tools-for-stm32.13.3.rel1.win32_1.0.0.202411081344/tools/bin/../lib/gcc/arm-none-eabi/13.3.1/../../../../arm-none-eabi/lib/thumb/v6-m/nofp\libc_nano.a(libc_a-findfp.o)
                              D:/Programy/STMicroelectronics/STM32CubeIDE_1.19.0/STM32CubeIDE/plugins/com.st.stm32cube.ide.mcu.externaltools.gnu-tools-for-stm32.13.3.rel1.win32_1.0.0.202411081344/tools/bin/../lib/gcc/arm-none-eabi/13.3.1/../../../../arm-none-eabi/lib/thumb/v6-m/nofp\libc_nano.a(libc_a-exit.o) (__stdio_exit_handler)
D:/Programy/STMicroelectronics/STM32CubeIDE_1.19.0/STM32CubeIDE/plugins/com.st.stm32cube.ide.mcu.externaltools.gnu-tools-for-stm32.13.3.rel1.win32_1.0.0.202411081344/tools/bin/../lib/gcc/arm-none-eabi/13.3.1/../../../../arm-none-eabi/lib/thumb/v6-m/nofp\libc_nano.a(libc_a-fwalk.o)
                              D:/Programy/STMicroelectronics/STM32CubeIDE_1.19.0/STM32CubeIDE/plugins/com.st.stm32cube.ide.mcu.externaltools.gnu-tools-for-stm32.13.3.rel1.win32_1.0.0.202411081344/tools/bin/../lib/gcc/arm-none-eabi/13.3.1/../../../../arm-none-eabi/lib/thumb/v6-m/nofp\libc_nano.a(libc_a-findfp.o) (_fwalk_sglue)
D:/Programy/STMicroelectronics/STM32CubeIDE_1.19.0/STM32CubeIDE/plugins/com.st.stm32cube.ide.mcu.externaltools.gnu-tools-for-stm32.13.3.rel1.win32_1.0.0.202411081344/tools/bin/../lib/gcc/arm-none-eabi/13.3.1/../../../../arm-none-eabi/lib/thumb/v6-m/nofp\libc_nano.a(libc_a-stdio.o)
                              D:/Programy/STMicroelectronics/STM32CubeIDE_1.19.0/STM32CubeIDE/plugins/com.st.stm32cube.ide.mcu.externaltools.gnu-tools-for-stm32.13.3.rel1.win32_1.0.0.202411081344/tools/bin/../lib/gcc/arm-none-eabi/13.3.1/../../../../arm-none-eabi/lib/thumb/v6-m/nofp\libc_nano.a(libc_a-findfp.o) (__sread)
D:/Programy/STMicroelectronics/STM32CubeIDE_1.19.0/STM32CubeIDE/plugins/com.st.stm32cube.ide.mcu.externaltools.gnu-tools-for-stm32.13.3.rel1.win32_1.0.0.202411081344/tools/bin/../lib/gcc/arm-none-eabi/13.3.1/../../../../arm-none-eabi/lib/thumb/v6-m/nofp\libc_nano.a(libc_a-memset.o)
                              D:/Programy/STMicroelectronics/STM32CubeIDE_1.19.0/STM32CubeIDE/plugins/com.st.stm32cube.ide.mcu.externaltools.gnu-tools-for-stm32.13.3.rel1.win32_1.0.0.202411081344/tools/bin/../lib/gcc/arm-none-eabi/13.3.1/../../../../arm-none-eabi/lib/thumb/v6-m/nofp/crt0.o (memset)
D:/Programy/STMicroelectronics/STM32CubeIDE_1.19.0/STM32CubeIDE/plugins/com.st.stm32cube.ide.mcu.externaltools.gnu-tools-for-stm32.13.3.rel1.win32_1.0.0.202411081344/tools/bin/../lib/gcc/arm-none-eabi/13.3.1/../../../../arm-none-eabi/lib/thumb/v6-m/nofp\libc_nano.a(libc_a-closer.o)
                              D:/Programy/STMicroelectronics/STM32CubeIDE_1.19.0/STM32CubeIDE/plugins/com.st.stm32cube.ide.mcu.externaltools.gnu-tools-for-stm32.13.3.rel1.win32_1.0.0.202411081344/tools/bin/../lib/gcc/arm-none-eabi/13.3.1/../../../../arm-none-eabi/lib/thumb/v6-m/nofp\libc_nano.a(libc_a-stdio.o) (_close_r)
D:/Programy/STMicroelectronics/STM32CubeIDE_1.19.0/STM32CubeIDE/plugins/com.st.stm32cube.ide.mcu.externaltools.gnu-tools-for-stm32.13.3.rel1.win32_1.0.0.202411081344/tools/bin/../lib/gcc/arm-none-eabi/13.3.1/../../../../arm-none-eabi/lib/thumb/v6-m/nofp\libc_nano.a(libc_a-reent.o)
                              D:/Programy/STMicroelectronics/STM32CubeIDE_1.19.0/STM32CubeIDE/plugins/com.st.stm32cube.ide.mcu.externaltools.gnu-tools-for-stm32.13.3.rel1.win32_1.0.0.202411081344/tools/bin/../lib/gcc/arm-none-eabi/13.3.1/../../../../arm-none-eabi/lib/thumb/v6-m/nofp\libc_nano.a(libc_a-closer.o) (errno)
D:/Programy/STMicroelectronics/STM32CubeIDE_1.19.0/STM32CubeIDE/plugins/com.st.stm32cube.ide.mcu.externaltools.gnu-tools-for-stm32.13.3.rel1.win32_1.0.0.202411081344/tools/bin/../lib/gcc/arm-none-eabi/13.3.1/../../../../arm-none-eabi/lib/thumb/v6-m/nofp\libc_nano.a(libc_a-impure.o)
                              D:/Programy/STMicroelectronics/STM32CubeIDE_1.19.0/STM32CubeIDE/plugins/com.st.stm32cube.ide.mcu.externaltools.gnu-tools-for-stm32.13.3.rel1.win32_1.0.0.202411081344/tools/bin/../lib/gcc/arm-none-eabi/13.3.1/../../../../arm-none-eabi/lib/thumb/v6-m/nofp\libc_nano.a(libc_a-reent.o) (_impure_ptr)
[...]
Memory Configuration

Name             Origin             Length             Attributes
RAM              0x20000000         0x00024000         xrw
FLASH            0x08000000         0x00080000         xr
*default*        0x00000000         0xffffffff

Linker script and memory map

LOAD D:/Programy/STMicroelectronics/STM32CubeIDE_1.19.0/STM32CubeIDE/plugins/com.st.stm32cube.ide.mcu.externaltools.gnu-tools-for-stm32.13.3.rel1.win32_1.0.0.202411081344/tools/bin/../lib/gcc/arm-none-eabi/13.3.1/thumb/v6-m/nofp/crti.o
LOAD D:/Programy/STMicroelectronics/STM32CubeIDE_1.19.0/STM32CubeIDE/plugins/com.st.stm32cube.ide.mcu.externaltools.gnu-tools-for-stm32.13.3.rel1.win32_1.0.0.202411081344/tools/bin/../lib/gcc/arm-none-eabi/13.3.1/thumb/v6-m/nofp/crtbegin.o
LOAD D:/Programy/STMicroelectronics/STM32CubeIDE_1.19.0/STM32CubeIDE/plugins/com.st.stm32cube.ide.mcu.externaltools.gnu-tools-for-stm32.13.3.rel1.win32_1.0.0.202411081344/tools/bin/../lib/gcc/arm-none-eabi/13.3.1/../../../../arm-none-eabi/lib/thumb/v6-m/nofp/crt0.o
LOAD ./Core/Src/main.o
LOAD ./Core/Src/stm32g0xx_hal_msp.o
LOAD ./Core/Src/stm32g0xx_it.o
LOAD ./Core/Src/syscalls.o
LOAD ./Core/Src/sysmem.o
LOAD ./Core/Src/system_stm32g0xx.o
LOAD ./Core/Startup/startup_stm32g0b1retx.o
LOAD ./Drivers/STM32G0xx_HAL_Driver/Src/stm32g0xx_hal.o
LOAD ./Drivers/STM32G0xx_HAL_Driver/Src/stm32g0xx_hal_cortex.o
LOAD ./Drivers/STM32G0xx_HAL_Driver/Src/stm32g0xx_hal_dma.o
LOAD ./Drivers/STM32G0xx_HAL_Driver/Src/stm32g0xx_hal_dma_ex.o
LOAD ./Drivers/STM32G0xx_HAL_Driver/Src/stm32g0xx_hal_exti.o
LOAD ./Drivers/STM32G0xx_HAL_Driver/Src/stm32g0xx_hal_flash.o
LOAD ./Drivers/STM32G0xx_HAL_Driver/Src/stm32g0xx_hal_flash_ex.o
LOAD ./Drivers/STM32G0xx_HAL_Driver/Src/stm32g0xx_hal_gpio.o
LOAD ./Drivers/STM32G0xx_HAL_Driver/Src/stm32g0xx_hal_pwr.o
LOAD ./Drivers/STM32G0xx_HAL_Driver/Src/stm32g0xx_hal_pwr_ex.o
LOAD ./Drivers/STM32G0xx_HAL_Driver/Src/stm32g0xx_hal_rcc.o
LOAD ./Drivers/STM32G0xx_HAL_Driver/Src/stm32g0xx_hal_rcc_ex.o
LOAD ./Drivers/STM32G0xx_HAL_Driver/Src/stm32g0xx_hal_uart.o
LOAD ./Drivers/STM32G0xx_HAL_Driver/Src/stm32g0xx_hal_uart_ex.o
LOAD ./Drivers/STM32G0xx_HAL_Driver/Src/stm32g0xx_ll_rcc.o
START GROUP
LOAD D:/Programy/STMicroelectronics/STM32CubeIDE_1.19.0/STM32CubeIDE/plugins/com.st.stm32cube.ide.mcu.externaltools.gnu-tools-for-stm32.13.3.rel1.win32_1.0.0.202411081344/tools/bin/../lib/gcc/arm-none-eabi/13.3.1/../../../../arm-none-eabi/lib/thumb/v6-m/nofp\libc_nano.a
LOAD D:/Programy/STMicroelectronics/STM32CubeIDE_1.19.0/STM32CubeIDE/plugins/com.st.stm32cube.ide.mcu.externaltools.gnu-tools-for-stm32.13.3.rel1.win32_1.0.0.202411081344/tools/bin/../lib/gcc/arm-none-eabi/13.3.1/../../../../arm-none-eabi/lib/thumb/v6-m/nofp\libm.a
END GROUP
START GROUP
LOAD D:/Programy/STMicroelectronics/STM32CubeIDE_1.19.0/STM32CubeIDE/plugins/com.st.stm32cube.ide.mcu.externaltools.gnu-tools-for-stm32.13.3.rel1.win32_1.0.0.202411081344/tools/bin/../lib/gcc/arm-none-eabi/13.3.1/thumb/v6-m/nofp\libgcc.a
LOAD D:/Programy/STMicroelectronics/STM32CubeIDE_1.19.0/STM32CubeIDE/plugins/com.st.stm32cube.ide.mcu.externaltools.gnu-tools-for-stm32.13.3.rel1.win32_1.0.0.202411081344/tools/bin/../lib/gcc/arm-none-eabi/13.3.1/../../../../arm-none-eabi/lib/thumb/v6-m/nofp\libc_nano.a
END GROUP
START GROUP
LOAD D:/Programy/STMicroelectronics/STM32CubeIDE_1.19.0/STM32CubeIDE/plugins/com.st.stm32cube.ide.mcu.externaltools.gnu-tools-for-stm32.13.3.rel1.win32_1.0.0.202411081344/tools/bin/../lib/gcc/arm-none-eabi/13.3.1/thumb/v6-m/nofp\libgcc.a
LOAD D:/Programy/STMicroelectronics/STM32CubeIDE_1.19.0/STM32CubeIDE/plugins/com.st.stm32cube.ide.mcu.externaltools.gnu-tools-for-stm32.13.3.rel1.win32_1.0.0.202411081344/tools/bin/../lib/gcc/arm-none-eabi/13.3.1/../../../../arm-none-eabi/lib/thumb/v6-m/nofp\libc_nano.a
LOAD D:/Programy/STMicroelectronics/STM32CubeIDE_1.19.0/STM32CubeIDE/plugins/com.st.stm32cube.ide.mcu.externaltools.gnu-tools-for-stm32.13.3.rel1.win32_1.0.0.202411081344/tools/bin/../lib/gcc/arm-none-eabi/13.3.1/../../../../arm-none-eabi/lib/thumb/v6-m/nofp\libnosys.a
END GROUP
START GROUP
LOAD D:/Programy/STMicroelectronics/STM32CubeIDE_1.19.0/STM32CubeIDE/plugins/com.st.stm32cube.ide.mcu.externaltools.gnu-tools-for-stm32.13.3.rel1.win32_1.0.0.202411081344/tools/bin/../lib/gcc/arm-none-eabi/13.3.1/thumb/v6-m/nofp\libgcc.a
LOAD D:/Programy/STMicroelectronics/STM32CubeIDE_1.19.0/STM32CubeIDE/plugins/com.st.stm32cube.ide.mcu.externaltools.gnu-tools-for-stm32.13.3.rel1.win32_1.0.0.202411081344/tools/bin/../lib/gcc/arm-none-eabi/13.3.1/../../../../arm-none-eabi/lib/thumb/v6-m/nofp\libc_nano.a
LOAD D:/Programy/STMicroelectronics/STM32CubeIDE_1.19.0/STM32CubeIDE/plugins/com.st.stm32cube.ide.mcu.externaltools.gnu-tools-for-stm32.13.3.rel1.win32_1.0.0.202411081344/tools/bin/../lib/gcc/arm-none-eabi/13.3.1/../../../../arm-none-eabi/lib/thumb/v6-m/nofp\libnosys.a
END GROUP
LOAD D:/Programy/STMicroelectronics/STM32CubeIDE_1.19.0/STM32CubeIDE/plugins/com.st.stm32cube.ide.mcu.externaltools.gnu-tools-for-stm32.13.3.rel1.win32_1.0.0.202411081344/tools/bin/../lib/gcc/arm-none-eabi/13.3.1/thumb/v6-m/nofp/crtend.o
LOAD D:/Programy/STMicroelectronics/STM32CubeIDE_1.19.0/STM32CubeIDE/plugins/com.st.stm32cube.ide.mcu.externaltools.gnu-tools-for-stm32.13.3.rel1.win32_1.0.0.202411081344/tools/bin/../lib/gcc/arm-none-eabi/13.3.1/thumb/v6-m/nofp/crtn.o
                0x20024000                        _estack = (ORIGIN (RAM) + LENGTH (RAM))
                0x00000200                        _Min_Heap_Size = 0x200
                0x00000400                        _Min_Stack_Size = 0x400

.isr_vector     0x08000000       0xbc
                0x08000000                        . = ALIGN (0x4)
 *(.isr_vector)
 .isr_vector    0x08000000       0xbc ./Core/Startup/startup_stm32g0b1retx.o
                0x08000000                g_pfnVectors
                0x080000bc                        . = ALIGN (0x4)

.text           0x080000bc     0x2064
                0x080000bc                        . = ALIGN (0x4)
 *(.text)
 .text          0x080000bc       0x48 D:/Programy/STMicroelectronics/STM32CubeIDE_1.19.0/STM32CubeIDE/plugins/com.st.stm32cube.ide.mcu.externaltools.gnu-tools-for-stm32.13.3.rel1.win32_1.0.0.202411081344/tools/bin/../lib/gcc/arm-none-eabi/13.3.1/thumb/v6-m/nofp/crtbegin.o
 .text          0x08000104      0x114 D:/Programy/STMicroelectronics/STM32CubeIDE_1.19.0/STM32CubeIDE/plugins/com.st.stm32cube.ide.mcu.externaltools.gnu-tools-for-stm32.13.3.rel1.win32_1.0.0.202411081344/tools/bin/../lib/gcc/arm-none-eabi/13.3.1/thumb/v6-m/nofp\libgcc.a(_udivsi3.o)
                0x08000104                __aeabi_uidiv
                0x08000104                __udivsi3
                0x08000210                __aeabi_uidivmod
 .text          0x08000218      0x1d4 D:/Programy/STMicroelectronics/STM32CubeIDE_1.19.0/STM32CubeIDE/plugins/com.st.stm32cube.ide.mcu.externaltools.gnu-tools-for-stm32.13.3.rel1.win32_1.0.0.202411081344/tools/bin/../lib/gcc/arm-none-eabi/13.3.1/thumb/v6-m/nofp\libgcc.a(_divsi3.o)
                0x08000218                __divsi3
                0x08000218                __aeabi_idiv
                0x080003e4                __aeabi_idivmod
 .text          0x080003ec        0x4 D:/Programy/STMicroelectronics/STM32CubeIDE_1.19.0/STM32CubeIDE/plugins/com.st.stm32cube.ide.mcu.externaltools.gnu-tools-for-stm32.13.3.rel1.win32_1.0.0.202411081344/tools/bin/../lib/gcc/arm-none-eabi/13.3.1/thumb/v6-m/nofp\libgcc.a(_dvmd_tls.o)
                0x080003ec                __aeabi_idiv0
                0x080003ec                __aeabi_ldiv0
 .text          0x080003f0       0x40 D:/Programy/STMicroelectronics/STM32CubeIDE_1.19.0/STM32CubeIDE/plugins/com.st.stm32cube.ide.mcu.externaltools.gnu-tools-for-stm32.13.3.rel1.win32_1.0.0.202411081344/tools/bin/../lib/gcc/arm-none-eabi/13.3.1/thumb/v6-m/nofp\libgcc.a(_aeabi_uldivmod.o)
                0x080003f0                __aeabi_uldivmod
 .text          0x08000430      0x198 D:/Programy/STMicroelectronics/STM32CubeIDE_1.19.0/STM32CubeIDE/plugins/com.st.stm32cube.ide.mcu.externaltools.gnu-tools-for-stm32.13.3.rel1.win32_1.0.0.202411081344/tools/bin/../lib/gcc/arm-none-eabi/13.3.1/thumb/v6-m/nofp\libgcc.a(_udivmoddi4.o)
                0x08000430                __udivmoddi4
 .text          0x080005c8       0x18 D:/Programy/STMicroelectronics/STM32CubeIDE_1.19.0/STM32CubeIDE/plugins/com.st.stm32cube.ide.mcu.externaltools.gnu-tools-for-stm32.13.3.rel1.win32_1.0.0.202411081344/tools/bin/../lib/gcc/arm-none-eabi/13.3.1/thumb/v6-m/nofp\libgcc.a(_clzdi2.o)
                0x080005c8                __clzdi2
 .text          0x080005e0       0x3c D:/Programy/STMicroelectronics/STM32CubeIDE_1.19.0/STM32CubeIDE/plugins/com.st.stm32cube.ide.mcu.externaltools.gnu-tools-for-stm32.13.3.rel1.win32_1.0.0.202411081344/tools/bin/../lib/gcc/arm-none-eabi/13.3.1/thumb/v6-m/nofp\libgcc.a(_clzsi2.o)
                0x080005e0                __clzsi2
 *(.text*)
 .text.SystemClock_Config
                0x0800061c       0x64 ./Core/Src/main.o
                0x0800061c                SystemClock_Config
 .text.startup.main
                0x08000680      0x154 ./Core/Src/main.o
                0x08000680                main
 .text.Error_Handler
                0x080007d4        0x4 ./Core/Src/main.o
                0x080007d4                Error_Handler
 .text.HAL_MspInit
                0x080007d8       0x30 ./Core/Src/stm32g0xx_hal_msp.o
                0x080007d8                HAL_MspInit
 .text.HAL_UART_MspInit
                0x08000808       0x84 ./Core/Src/stm32g0xx_hal_msp.o
                0x08000808                HAL_UART_MspInit
 .text.NMI_Handler
                0x0800088c        0x4 ./Core/Src/stm32g0xx_it.o
                0x0800088c                NMI_Handler
 .text.HardFault_Handler
                0x08000890        0x4 ./Core/Src/stm32g0xx_it.o
                0x08000890                HardFault_Handler
 .text.SVC_Handler
                0x08000894        0x4 ./Core/Src/stm32g0xx_it.o
                0x08000894                SVC_Handler
 .text.PendSV_Handler
                0x08000898        0x4 ./Core/Src/stm32g0xx_it.o
                0x08000898                PendSV_Handler
 .text.SysTick_Handler
                0x0800089c       0x50 ./Core/Src/stm32g0xx_it.o
                0x0800089c                SysTick_Handler
 .text.SystemInit
                0x080008ec        0x4 ./Core/Src/system_stm32g0xx.o
                0x080008ec                SystemInit
 .text.Reset_Handler
                0x080008f0       0x50 ./Core/Startup/startup_stm32g0b1retx.o
                0x080008f0                Reset_Handler
 .text.Default_Handler
                0x08000940        0x2 ./Core/Startup/startup_stm32g0b1retx.o
                0x08000940                I2C2_3_IRQHandler
                0x08000940                USART3_4_5_6_LPUART1_IRQHandler
                0x08000940                TIM1_CC_IRQHandler
                0x08000940                ADC1_COMP_IRQHandler
                0x08000940                I2C1_IRQHandler
                0x08000940                TIM7_LPTIM2_IRQHandler
                0x08000940                TIM17_FDCAN_IT1_IRQHandler
                0x08000940                DMA1_Ch4_7_DMA2_Ch1_5_DMAMUX1_OVR_IRQHandler
                0x08000940                RCC_CRS_IRQHandler
                0x08000940                RTC_TAMP_IRQHandler
                0x08000940                SPI1_IRQHandler
                0x08000940                USB_UCPD1_2_IRQHandler
                0x08000940                EXTI2_3_IRQHandler
                0x08000940                USART2_LPUART2_IRQHandler
                0x08000940                PVD_VDDIO2_IRQHandler
                0x08000940                EXTI4_15_IRQHandler
                0x08000940                DMA1_Channel1_IRQHandler
                0x08000940                Default_Handler
                0x08000940                CEC_IRQHandler
                0x08000940                TIM14_IRQHandler
                0x08000940                TIM15_IRQHandler
                0x08000940                TIM3_TIM4_IRQHandler
                0x08000940                EXTI0_1_IRQHandler
                0x08000940                SPI2_3_IRQHandler
                0x08000940                TIM6_DAC_LPTIM1_IRQHandler
                0x08000940                WWDG_IRQHandler
                0x08000940                TIM2_IRQHandler
                0x08000940                DMA1_Channel2_3_IRQHandler
                0x08000940                FLASH_IRQHandler
                0x08000940                USART1_IRQHandler
                0x08000940                TIM16_FDCAN_IT0_IRQHandler
                0x08000940                TIM1_BRK_UP_TRG_COM_IRQHandler
 *fill*         0x08000942        0x2 
 .text.HAL_InitTick
                0x08000944       0x4c ./Drivers/STM32G0xx_HAL_Driver/Src/stm32g0xx_hal.o
                0x08000944                HAL_InitTick
 .text.HAL_Init
                0x08000990       0x28 ./Drivers/STM32G0xx_HAL_Driver/Src/stm32g0xx_hal.o
                0x08000990                HAL_Init
 .text.HAL_IncTick
                0x080009b8       0x18 ./Drivers/STM32G0xx_HAL_Driver/Src/stm32g0xx_hal.o
                0x080009b8                HAL_IncTick
 .text.HAL_GetTick
                0x080009d0        0xc ./Drivers/STM32G0xx_HAL_Driver/Src/stm32g0xx_hal.o
                0x080009d0                HAL_GetTick
 .text.HAL_NVIC_SetPriority
                0x080009dc       0x54 ./Drivers/STM32G0xx_HAL_Driver/Src/stm32g0xx_hal_cortex.o
                0x080009dc                HAL_NVIC_SetPriority
 .text.HAL_SYSTICK_Config
                0x08000a30       0x34 ./Drivers/STM32G0xx_HAL_Driver/Src/stm32g0xx_hal_cortex.o
                0x08000a30                HAL_SYSTICK_Config
 .text.HAL_GPIO_Init
                0x08000a64      0x374 ./Drivers/STM32G0xx_HAL_Driver/Src/stm32g0xx_hal_gpio.o
                0x08000a64                HAL_GPIO_Init
 .text.HAL_GPIO_WritePin
                0x08000dd8        0xc ./Drivers/STM32G0xx_HAL_Driver/Src/stm32g0xx_hal_gpio.o
                0x08000dd8                HAL_GPIO_WritePin
 .text.HAL_GPIO_TogglePin
                0x08000de4       0x10 ./Drivers/STM32G0xx_HAL_Driver/Src/stm32g0xx_hal_gpio.o
                0x08000de4                HAL_GPIO_TogglePin
 .text.HAL_PWREx_ControlVoltageScaling
                0x08000df4       0x60 ./Drivers/STM32G0xx_HAL_Driver/Src/stm32g0xx_hal_pwr_ex.o
                0x08000df4                HAL_PWREx_ControlVoltageScaling
 .text.HAL_RCC_OscConfig
                0x08000e54      0x540 ./Drivers/STM32G0xx_HAL_Driver/Src/stm32g0xx_hal_rcc.o
                0x08000e54                HAL_RCC_OscConfig
 .text.HAL_RCC_GetSysClockFreq
                0x08001394       0x9c ./Drivers/STM32G0xx_HAL_Driver/Src/stm32g0xx_hal_rcc.o
                0x08001394                HAL_RCC_GetSysClockFreq
 .text.HAL_RCC_ClockConfig
                0x08001430      0x190 ./Drivers/STM32G0xx_HAL_Driver/Src/stm32g0xx_hal_rcc.o
                0x08001430                HAL_RCC_ClockConfig
 .text.HAL_RCC_GetPCLK1Freq
                0x080015c0       0x28 ./Drivers/STM32G0xx_HAL_Driver/Src/stm32g0xx_hal_rcc.o
                0x080015c0                HAL_RCC_GetPCLK1Freq
 .text.HAL_RCCEx_PeriphCLKConfig
                0x080015e8      0x2d8 ./Drivers/STM32G0xx_HAL_Driver/Src/stm32g0xx_hal_rcc_ex.o
                0x080015e8                HAL_RCCEx_PeriphCLKConfig
 .text.UART_SetConfig
                0x080018c0      0x28c ./Drivers/STM32G0xx_HAL_Driver/Src/stm32g0xx_hal_uart.o
                0x080018c0                UART_SetConfig
 .text.UART_AdvFeatureConfig
                0x08001b4c       0xd0 ./Drivers/STM32G0xx_HAL_Driver/Src/stm32g0xx_hal_uart.o
                0x08001b4c                UART_AdvFeatureConfig
 .text.UART_CheckIdleState
                0x08001c1c      0x2ac ./Drivers/STM32G0xx_HAL_Driver/Src/stm32g0xx_hal_uart.o
                0x08001c1c                UART_CheckIdleState
 .text.HAL_UART_Init
                0x08001ec8       0x6c ./Drivers/STM32G0xx_HAL_Driver/Src/stm32g0xx_hal_uart.o
                0x08001ec8                HAL_UART_Init
 .text.HAL_UARTEx_DisableFifoMode
                0x08001f34       0x38 ./Drivers/STM32G0xx_HAL_Driver/Src/stm32g0xx_hal_uart_ex.o
                0x08001f34                HAL_UARTEx_DisableFifoMode
 .text.HAL_UARTEx_SetTxFifoThreshold
                0x08001f6c       0xa0 ./Drivers/STM32G0xx_HAL_Driver/Src/stm32g0xx_hal_uart_ex.o
                0x08001f6c                HAL_UARTEx_SetTxFifoThreshold
 .text.HAL_UARTEx_SetRxFifoThreshold
                0x0800200c       0xa4 ./Drivers/STM32G0xx_HAL_Driver/Src/stm32g0xx_hal_uart_ex.o
                0x0800200c                HAL_UARTEx_SetRxFifoThreshold
 .text.memset   0x080020b0       0x10 D:/Programy/STMicroelectronics/STM32CubeIDE_1.19.0/STM32CubeIDE/plugins/com.st.stm32cube.ide.mcu.externaltools.gnu-tools-for-stm32.13.3.rel1.win32_1.0.0.202411081344/tools/bin/../lib/gcc/arm-none-eabi/13.3.1/../../../../arm-none-eabi/lib/thumb/v6-m/nofp\libc_nano.a(libc_a-memset.o)
                0x080020b0                memset
 .text.__libc_init_array
                0x080020c0       0x48 D:/Programy/STMicroelectronics/STM32CubeIDE_1.19.0/STM32CubeIDE/plugins/com.st.stm32cube.ide.mcu.externaltools.gnu-tools-for-stm32.13.3.rel1.win32_1.0.0.202411081344/tools/bin/../lib/gcc/arm-none-eabi/13.3.1/../../../../arm-none-eabi/lib/thumb/v6-m/nofp\libc_nano.a(libc_a-init.o)
                0x080020c0                __libc_init_array
 *(.glue_7)
 .glue_7        0x08002108        0x0 linker stubs
 *(.glue_7t)
 .glue_7t       0x08002108        0x0 linker stubs
 *(.eh_frame)
 .eh_frame      0x08002108        0x0 D:/Programy/STMicroelectronics/STM32CubeIDE_1.19.0/STM32CubeIDE/plugins/com.st.stm32cube.ide.mcu.externaltools.gnu-tools-for-stm32.13.3.rel1.win32_1.0.0.202411081344/tools/bin/../lib/gcc/arm-none-eabi/13.3.1/thumb/v6-m/nofp/crtbegin.o
 *(.init)
 .init          0x08002108        0x4 D:/Programy/STMicroelectronics/STM32CubeIDE_1.19.0/STM32CubeIDE/plugins/com.st.stm32cube.ide.mcu.externaltools.gnu-tools-for-stm32.13.3.rel1.win32_1.0.0.202411081344/tools/bin/../lib/gcc/arm-none-eabi/13.3.1/thumb/v6-m/nofp/crti.o
                0x08002108                _init
 .init          0x0800210c        0x8 D:/Programy/STMicroelectronics/STM32CubeIDE_1.19.0/STM32CubeIDE/plugins/com.st.stm32cube.ide.mcu.externaltools.gnu-tools-for-stm32.13.3.rel1.win32_1.0.0.202411081344/tools/bin/../lib/gcc/arm-none-eabi/13.3.1/thumb/v6-m/nofp/crtn.o
 *(.fini)
 .fini          0x08002114        0x4 D:/Programy/STMicroelectronics/STM32CubeIDE_1.19.0/STM32CubeIDE/plugins/com.st.stm32cube.ide.mcu.externaltools.gnu-tools-for-stm32.13.3.rel1.win32_1.0.0.202411081344/tools/bin/../lib/gcc/arm-none-eabi/13.3.1/thumb/v6-m/nofp/crti.o
                0x08002114                _fini
 .fini          0x08002118        0x8 D:/Programy/STMicroelectronics/STM32CubeIDE_1.19.0/STM32CubeIDE/plugins/com.st.stm32cube.ide.mcu.externaltools.gnu-tools-for-stm32.13.3.rel1.win32_1.0.0.202411081344/tools/bin/../lib/gcc/arm-none-eabi/13.3.1/thumb/v6-m/nofp/crtn.o
                0x08002120                        . = ALIGN (0x4)
                0x08002120                        _etext = .

.vfp11_veneer   0x08002120        0x0
 .vfp11_veneer  0x08002120        0x0 linker stubs

.v4_bx          0x08002120        0x0
 .v4_bx         0x08002120        0x0 linker stubs

.iplt           0x08002120        0x0
 .iplt          0x08002120        0x0 D:/Programy/STMicroelectronics/STM32CubeIDE_1.19.0/STM32CubeIDE/plugins/com.st.stm32cube.ide.mcu.externaltools.gnu-tools-for-stm32.13.3.rel1.win32_1.0.0.202411081344/tools/bin/../lib/gcc/arm-none-eabi/13.3.1/thumb/v6-m/nofp/crtbegin.o

.rodata         0x08002120       0x88
                0x08002120                        . = ALIGN (0x4)
 *(.rodata)
 *(.rodata*)
 .rodata.APBPrescTable
                0x08002120       0x20 ./Core/Src/system_stm32g0xx.o
                0x08002120                APBPrescTable
 .rodata.AHBPrescTable
                0x08002140       0x40 ./Core/Src/system_stm32g0xx.o
                0x08002140                AHBPrescTable
 .rodata.UARTPrescTable
                0x08002180       0x18 ./Drivers/STM32G0xx_HAL_Driver/Src/stm32g0xx_hal_uart.o
                0x08002180                UARTPrescTable
 .rodata.denominator.0
                0x08002198        0x8 ./Drivers/STM32G0xx_HAL_Driver/Src/stm32g0xx_hal_uart_ex.o
 .rodata.numerator.1
                0x080021a0        0x8 ./Drivers/STM32G0xx_HAL_Driver/Src/stm32g0xx_hal_uart_ex.o
                0x080021a8                        . = ALIGN (0x4)

.ARM.extab      0x080021a8        0x0
                0x080021a8                        . = ALIGN (0x4)
 *(.ARM.extab* .gnu.linkonce.armextab.*)
                0x080021a8                        . = ALIGN (0x4)

.ARM            0x080021a8        0x8
                0x080021a8                        . = ALIGN (0x4)
                0x080021a8                        __exidx_start = .
 *(.ARM.exidx*)
 .ARM.exidx     0x080021a8        0x8 D:/Programy/STMicroelectronics/STM32CubeIDE_1.19.0/STM32CubeIDE/plugins/com.st.stm32cube.ide.mcu.externaltools.gnu-tools-for-stm32.13.3.rel1.win32_1.0.0.202411081344/tools/bin/../lib/gcc/arm-none-eabi/13.3.1/thumb/v6-m/nofp\libgcc.a(_udivmoddi4.o)
                0x080021b0                        __exidx_end = .
                0x080021b0                        . = ALIGN (0x4)

.preinit_array  0x080021b0        0x0
                0x080021b0                        . = ALIGN (0x4)
                0x080021b0                        PROVIDE (__preinit_array_start = .)
 *(.preinit_array*)
                0x080021b0                        PROVIDE (__preinit_array_end = .)
                0x080021b0                        . = ALIGN (0x4)

.init_array     0x080021b0        0x4
                0x080021b0                        . = ALIGN (0x4)
                0x080021b0                        PROVIDE (__init_array_start = .)
 *(SORT_BY_NAME(.init_array.*))
 *(.init_array*)
 .init_array    0x080021b0        0x4 D:/Programy/STMicroelectronics/STM32CubeIDE_1.19.0/STM32CubeIDE/plugins/com.st.stm32cube.ide.mcu.externaltools.gnu-tools-for-stm32.13.3.rel1.win32_1.0.0.202411081344/tools/bin/../lib/gcc/arm-none-eabi/13.3.1/thumb/v6-m/nofp/crtbegin.o
                0x080021b4                        PROVIDE (__init_array_end = .)
                0x080021b4                        . = ALIGN (0x4)

.fini_array     0x080021b4        0x4
                0x080021b4                        . = ALIGN (0x4)
                [!provide]                        PROVIDE (__fini_array_start = .)
 *(SORT_BY_NAME(.fini_array.*))
 *(.fini_array*)
 .fini_array    0x080021b4        0x4 D:/Programy/STMicroelectronics/STM32CubeIDE_1.19.0/STM32CubeIDE/plugins/com.st.stm32cube.ide.mcu.externaltools.gnu-tools-for-stm32.13.3.rel1.win32_1.0.0.202411081344/tools/bin/../lib/gcc/arm-none-eabi/13.3.1/thumb/v6-m/nofp/crtbegin.o
                [!provide]                        PROVIDE (__fini_array_end = .)
                0x080021b8                        . = ALIGN (0x4)
                0x080021b8                        _sidata = LOADADDR (.data)

.rel.dyn        0x080021b8        0x0
 .rel.iplt      0x080021b8        0x0 D:/Programy/STMicroelectronics/STM32CubeIDE_1.19.0/STM32CubeIDE/plugins/com.st.stm32cube.ide.mcu.externaltools.gnu-tools-for-stm32.13.3.rel1.win32_1.0.0.202411081344/tools/bin/../lib/gcc/arm-none-eabi/13.3.1/thumb/v6-m/nofp/crtbegin.o

.data           0x20000000        0xc load address 0x080021b8
                0x20000000                        . = ALIGN (0x4)
                0x20000000                        _sdata = .
 *(.data)
 *(.data*)
 .data.SystemCoreClock
                0x20000000        0x4 ./Core/Src/system_stm32g0xx.o
                0x20000000                SystemCoreClock
 .data.uwTickFreq
                0x20000004        0x1 ./Drivers/STM32G0xx_HAL_Driver/Src/stm32g0xx_hal.o
                0x20000004                uwTickFreq
 *fill*         0x20000005        0x3 
 .data.uwTickPrio
                0x20000008        0x4 ./Drivers/STM32G0xx_HAL_Driver/Src/stm32g0xx_hal.o
                0x20000008                uwTickPrio
 *(.RamFunc)
 *(.RamFunc*)
                0x2000000c                        . = ALIGN (0x4)
                0x2000000c                        _edata = .

.igot.plt       0x2000000c        0x0 load address 0x080021c4
 .igot.plt      0x2000000c        0x0 D:/Programy/STMicroelectronics/STM32CubeIDE_1.19.0/STM32CubeIDE/plugins/com.st.stm32cube.ide.mcu.externaltools.gnu-tools-for-stm32.13.3.rel1.win32_1.0.0.202411081344/tools/bin/../lib/gcc/arm-none-eabi/13.3.1/thumb/v6-m/nofp/crtbegin.o
                0x2000000c                        . = ALIGN (0x4)

.bss            0x2000000c       0xc0 load address 0x080021c4
                0x2000000c                        _sbss = .
                0x2000000c                        __bss_start__ = _sbss
 *(.bss)
 .bss           0x2000000c       0x1c D:/Programy/STMicroelectronics/STM32CubeIDE_1.19.0/STM32CubeIDE/plugins/com.st.stm32cube.ide.mcu.externaltools.gnu-tools-for-stm32.13.3.rel1.win32_1.0.0.202411081344/tools/bin/../lib/gcc/arm-none-eabi/13.3.1/thumb/v6-m/nofp/crtbegin.o
 *(.bss*)
 .bss.huart2    0x20000028       0x94 ./Core/Src/main.o
                0x20000028                huart2
 .bss.greenLedFlag
                0x200000bc        0x1 ./Core/Src/stm32g0xx_it.o
                0x200000bc                greenLedFlag
 .bss.redLedFlag
                0x200000bd        0x1 ./Core/Src/stm32g0xx_it.o
                0x200000bd                redLedFlag
 *fill*         0x200000be        0x2 
 .bss.greenTick
                0x200000c0        0x4 ./Core/Src/stm32g0xx_it.o
                0x200000c0                greenTick
 .bss.redTick   0x200000c4        0x4 ./Core/Src/stm32g0xx_it.o
                0x200000c4                redTick
 .bss.uwTick    0x200000c8        0x4 ./Drivers/STM32G0xx_HAL_Driver/Src/stm32g0xx_hal.o
                0x200000c8                uwTick
 *(COMMON)
                0x200000cc                        . = ALIGN (0x4)
                0x200000cc                        _ebss = .
                0x200000cc                        __bss_end__ = _ebss

._user_heap_stack
                0x200000cc      0x604 load address 0x080021c4
                0x200000d0                        . = ALIGN (0x8)
 *fill*         0x200000cc        0x4 
                [!provide]                        PROVIDE (end = .)
                0x200000d0                        PROVIDE (_end = .)
                0x200002d0                        . = (. + _Min_Heap_Size)
 *fill*         0x200000d0      0x200 
                0x200006d0                        . = (. + _Min_Stack_Size)
 *fill*         0x200002d0      0x400 
                0x200006d0                        . = ALIGN (0x8)

/DISCARD/
 libc.a(*)
 libm.a(*)
 libgcc.a(*)

.ARM.attributes
                0x00000000       0x28
 *(.ARM.attributes)
 .ARM.attributes
                0x00000000       0x1e D:/Programy/STMicroelectronics/STM32CubeIDE_1.19.0/STM32CubeIDE/plugins/com.st.stm32cube.ide.mcu.externaltools.gnu-tools-for-stm32.13.3.rel1.win32_1.0.0.202411081344/tools/bin/../lib/gcc/arm-none-eabi/13.3.1/thumb/v6-m/nofp/crti.o
 .ARM.attributes
                0x0000001e       0x2c D:/Programy/STMicroelectronics/STM32CubeIDE_1.19.0/STM32CubeIDE/plugins/com.st.stm32cube.ide.mcu.externaltools.gnu-tools-for-stm32.13.3.rel1.win32_1.0.0.202411081344/tools/bin/../lib/gcc/arm-none-eabi/13.3.1/thumb/v6-m/nofp/crtbegin.o
 .ARM.attributes
                0x0000004a       0x2c ./Core/Src/main.o
 .ARM.attributes
                0x00000076       0x2c ./Core/Src/stm32g0xx_hal_msp.o
 .ARM.attributes
                0x000000a2       0x2c ./Core/Src/stm32g0xx_it.o
 .ARM.attributes
                0x000000ce       0x2c ./Core/Src/system_stm32g0xx.o
 .ARM.attributes
                0x000000fa       0x22 ./Core/Startup/startup_stm32g0b1retx.o
 .ARM.attributes
                0x0000011c       0x2c ./Drivers/STM32G0xx_HAL_Driver/Src/stm32g0xx_hal.o
 .ARM.attributes
                0x00000148       0x2c ./Drivers/STM32G0xx_HAL_Driver/Src/stm32g0xx_hal_cortex.o
 .ARM.attributes
                0x00000174       0x2c ./Drivers/STM32G0xx_HAL_Driver/Src/stm32g0xx_hal_gpio.o
 .ARM.attributes
                0x000001a0       0x2c ./Drivers/STM32G0xx_HAL_Driver/Src/stm32g0xx_hal_pwr_ex.o
 .ARM.attributes
                0x000001cc       0x2c ./Drivers/STM32G0xx_HAL_Driver/Src/stm32g0xx_hal_rcc.o
 .ARM.attributes
                0x000001f8       0x2c ./Drivers/STM32G0xx_HAL_Driver/Src/stm32g0xx_hal_rcc_ex.o
 .ARM.attributes
                0x00000224       0x2c ./Drivers/STM32G0xx_HAL_Driver/Src/stm32g0xx_hal_uart.o
 .ARM.attributes
                0x00000250       0x2c ./Drivers/STM32G0xx_HAL_Driver/Src/stm32g0xx_hal_uart_ex.o
 .ARM.attributes
                0x0000027c       0x2c D:/Programy/STMicroelectronics/STM32CubeIDE_1.19.0/STM32CubeIDE/plugins/com.st.stm32cube.ide.mcu.externaltools.gnu-tools-for-stm32.13.3.rel1.win32_1.0.0.202411081344/tools/bin/../lib/gcc/arm-none-eabi/13.3.1/../../../../arm-none-eabi/lib/thumb/v6-m/nofp\libc_nano.a(libc_a-memset.o)
 .ARM.attributes
                0x000002a8       0x2c D:/Programy/STMicroelectronics/STM32CubeIDE_1.19.0/STM32CubeIDE/plugins/com.st.stm32cube.ide.mcu.externaltools.gnu-tools-for-stm32.13.3.rel1.win32_1.0.0.202411081344/tools/bin/../lib/gcc/arm-none-eabi/13.3.1/../../../../arm-none-eabi/lib/thumb/v6-m/nofp\libc_nano.a(libc_a-init.o)
 .ARM.attributes
                0x000002d4       0x1e D:/Programy/STMicroelectronics/STM32CubeIDE_1.19.0/STM32CubeIDE/plugins/com.st.stm32cube.ide.mcu.externaltools.gnu-tools-for-stm32.13.3.rel1.win32_1.0.0.202411081344/tools/bin/../lib/gcc/arm-none-eabi/13.3.1/thumb/v6-m/nofp\libgcc.a(_udivsi3.o)
 .ARM.attributes
                0x000002f2       0x1e D:/Programy/STMicroelectronics/STM32CubeIDE_1.19.0/STM32CubeIDE/plugins/com.st.stm32cube.ide.mcu.externaltools.gnu-tools-for-stm32.13.3.rel1.win32_1.0.0.202411081344/tools/bin/../lib/gcc/arm-none-eabi/13.3.1/thumb/v6-m/nofp\libgcc.a(_divsi3.o)
 .ARM.attributes
                0x00000310       0x1e D:/Programy/STMicroelectronics/STM32CubeIDE_1.19.0/STM32CubeIDE/plugins/com.st.stm32cube.ide.mcu.externaltools.gnu-tools-for-stm32.13.3.rel1.win32_1.0.0.202411081344/tools/bin/../lib/gcc/arm-none-eabi/13.3.1/thumb/v6-m/nofp\libgcc.a(_dvmd_tls.o)
 .ARM.attributes
                0x0000032e       0x1e D:/Programy/STMicroelectronics/STM32CubeIDE_1.19.0/STM32CubeIDE/plugins/com.st.stm32cube.ide.mcu.externaltools.gnu-tools-for-stm32.13.3.rel1.win32_1.0.0.202411081344/tools/bin/../lib/gcc/arm-none-eabi/13.3.1/thumb/v6-m/nofp\libgcc.a(_aeabi_uldivmod.o)
 .ARM.attributes
                0x0000034c       0x2c D:/Programy/STMicroelectronics/STM32CubeIDE_1.19.0/STM32CubeIDE/plugins/com.st.stm32cube.ide.mcu.externaltools.gnu-tools-for-stm32.13.3.rel1.win32_1.0.0.202411081344/tools/bin/../lib/gcc/arm-none-eabi/13.3.1/thumb/v6-m/nofp\libgcc.a(_udivmoddi4.o)
 .ARM.attributes
                0x00000378       0x1e D:/Programy/STMicroelectronics/STM32CubeIDE_1.19.0/STM32CubeIDE/plugins/com.st.stm32cube.ide.mcu.externaltools.gnu-tools-for-stm32.13.3.rel1.win32_1.0.0.202411081344/tools/bin/../lib/gcc/arm-none-eabi/13.3.1/thumb/v6-m/nofp\libgcc.a(_clzdi2.o)
 .ARM.attributes
                0x00000396       0x1e D:/Programy/STMicroelectronics/STM32CubeIDE_1.19.0/STM32CubeIDE/plugins/com.st.stm32cube.ide.mcu.externaltools.gnu-tools-for-stm32.13.3.rel1.win32_1.0.0.202411081344/tools/bin/../lib/gcc/arm-none-eabi/13.3.1/thumb/v6-m/nofp\libgcc.a(_clzsi2.o)
 .ARM.attributes
                0x000003b4       0x1e D:/Programy/STMicroelectronics/STM32CubeIDE_1.19.0/STM32CubeIDE/plugins/com.st.stm32cube.ide.mcu.externaltools.gnu-tools-for-stm32.13.3.rel1.win32_1.0.0.202411081344/tools/bin/../lib/gcc/arm-none-eabi/13.3.1/thumb/v6-m/nofp/crtn.o
OUTPUT(cwiczenie_4.elf elf32-littlearm)
LOAD linker stubs
LOAD D:/Programy/STMicroelectronics/STM32CubeIDE_1.19.0/STM32CubeIDE/plugins/com.st.stm32cube.ide.mcu.externaltools.gnu-tools-for-stm32.13.3.rel1.win32_1.0.0.202411081344/tools/bin/../lib/gcc/arm-none-eabi/13.3.1/../../../../arm-none-eabi/lib/thumb/v6-m/nofp\libc.a
LOAD D:/Programy/STMicroelectronics/STM32CubeIDE_1.19.0/STM32CubeIDE/plugins/com.st.stm32cube.ide.mcu.externaltools.gnu-tools-for-stm32.13.3.rel1.win32_1.0.0.202411081344/tools/bin/../lib/gcc/arm-none-eabi/13.3.1/../../../../arm-none-eabi/lib/thumb/v6-m/nofp\libm.a
LOAD D:/Programy/STMicroelectronics/STM32CubeIDE_1.19.0/STM32CubeIDE/plugins/com.st.stm32cube.ide.mcu.externaltools.gnu-tools-for-stm32.13.3.rel1.win32_1.0.0.202411081344/tools/bin/../lib/gcc/arm-none-eabi/13.3.1/thumb/v6-m/nofp\libgcc.a

.debug_info     0x00000000     0xf33c
 .debug_info    0x00000000     0x1252 ./Core/Src/main.o
 .debug_info    0x00001252      0xd39 ./Core/Src/stm32g0xx_hal_msp.o
 .debug_info    0x00001f8b      0x18a ./Core/Src/stm32g0xx_it.o
 .debug_info    0x00002115      0x350 ./Core/Src/system_stm32g0xx.o
 .debug_info    0x00002465       0x30 ./Core/Startup/startup_stm32g0b1retx.o
 .debug_info    0x00002495      0xc09 ./Drivers/STM32G0xx_HAL_Driver/Src/stm32g0xx_hal.o
 .debug_info    0x0000309e      0xa54 ./Drivers/STM32G0xx_HAL_Driver/Src/stm32g0xx_hal_cortex.o
 .debug_info    0x00003af2      0x622 ./Drivers/STM32G0xx_HAL_Driver/Src/stm32g0xx_hal_gpio.o
 .debug_info    0x00004114      0x940 ./Drivers/STM32G0xx_HAL_Driver/Src/stm32g0xx_hal_pwr_ex.o
 .debug_info    0x00004a54      0xe6e ./Drivers/STM32G0xx_HAL_Driver/Src/stm32g0xx_hal_rcc.o
 .debug_info    0x000058c2      0xb8e ./Drivers/STM32G0xx_HAL_Driver/Src/stm32g0xx_hal_rcc_ex.o
 .debug_info    0x00006450     0x7ade ./Drivers/STM32G0xx_HAL_Driver/Src/stm32g0xx_hal_uart.o
 .debug_info    0x0000df2e     0x140e ./Drivers/STM32G0xx_HAL_Driver/Src/stm32g0xx_hal_uart_ex.o

.debug_abbrev   0x00000000     0x2083
 .debug_abbrev  0x00000000      0x33c ./Core/Src/main.o
 .debug_abbrev  0x0000033c      0x1ff ./Core/Src/stm32g0xx_hal_msp.o
 .debug_abbrev  0x0000053b       0xfe ./Core/Src/stm32g0xx_it.o
 .debug_abbrev  0x00000639      0x148 ./Core/Src/system_stm32g0xx.o
 .debug_abbrev  0x00000781       0x24 ./Core/Startup/startup_stm32g0b1retx.o
 .debug_abbrev  0x000007a5      0x30a ./Drivers/STM32G0xx_HAL_Driver/Src/stm32g0xx_hal.o
 .debug_abbrev  0x00000aaf      0x2dc ./Drivers/STM32G0xx_HAL_Driver/Src/stm32g0xx_hal_cortex.o
 .debug_abbrev  0x00000d8b      0x26f ./Drivers/STM32G0xx_HAL_Driver/Src/stm32g0xx_hal_gpio.o
 .debug_abbrev  0x00000ffa      0x28f ./Drivers/STM32G0xx_HAL_Driver/Src/stm32g0xx_hal_pwr_ex.o
 .debug_abbrev  0x00001289      0x36c ./Drivers/STM32G0xx_HAL_Driver/Src/stm32g0xx_hal_rcc.o
 .debug_abbrev  0x000015f5      0x2e4 ./Drivers/STM32G0xx_HAL_Driver/Src/stm32g0xx_hal_rcc_ex.o
 .debug_abbrev  0x000018d9      0x460 ./Drivers/STM32G0xx_HAL_Driver/Src/stm32g0xx_hal_uart.o
 .debug_abbrev  0x00001d39      0x34a ./Drivers/STM32G0xx_HAL_Driver/Src/stm32g0xx_hal_uart_ex.o

.debug_aranges  0x00000000      0x848
 .debug_aranges
                0x00000000       0x40 ./Core/Src/main.o
 .debug_aranges
                0x00000040       0x30 ./Core/Src/stm32g0xx_hal_msp.o
 .debug_aranges
                0x00000070       0x40 ./Core/Src/stm32g0xx_it.o
 .debug_aranges
                0x000000b0       0x28 ./Core/Src/system_stm32g0xx.o
 .debug_aranges
                0x000000d8       0x28 ./Core/Startup/startup_stm32g0b1retx.o
 .debug_aranges
                0x00000100      0x130 ./Drivers/STM32G0xx_HAL_Driver/Src/stm32g0xx_hal.o
 .debug_aranges
                0x00000230       0xa0 ./Drivers/STM32G0xx_HAL_Driver/Src/stm32g0xx_hal_cortex.o
 .debug_aranges
                0x000002d0       0x60 ./Drivers/STM32G0xx_HAL_Driver/Src/stm32g0xx_hal_gpio.o
 .debug_aranges
                0x00000330      0x128 ./Drivers/STM32G0xx_HAL_Driver/Src/stm32g0xx_hal_pwr_ex.o
 .debug_aranges
                0x00000458       0x98 ./Drivers/STM32G0xx_HAL_Driver/Src/stm32g0xx_hal_rcc.o
 .debug_aranges
                0x000004f0       0x88 ./Drivers/STM32G0xx_HAL_Driver/Src/stm32g0xx_hal_rcc_ex.o
 .debug_aranges
                0x00000578      0x238 ./Drivers/STM32G0xx_HAL_Driver/Src/stm32g0xx_hal_uart.o
 .debug_aranges
                0x000007b0       0x98 ./Drivers/STM32G0xx_HAL_Driver/Src/stm32g0xx_hal_uart_ex.o

.debug_rnglists
                0x00000000      0xba6
 .debug_rnglists
                0x00000000       0xac ./Core/Src/main.o
 .debug_rnglists
                0x000000ac       0x59 ./Core/Src/stm32g0xx_hal_msp.o
 .debug_rnglists
                0x00000105       0x2b ./Core/Src/stm32g0xx_it.o
 .debug_rnglists
                0x00000130       0x1a ./Core/Src/system_stm32g0xx.o
 .debug_rnglists
                0x0000014a       0x19 ./Core/Startup/startup_stm32g0b1retx.o
 .debug_rnglists
                0x00000163       0xdf ./Drivers/STM32G0xx_HAL_Driver/Src/stm32g0xx_hal.o
 .debug_rnglists
                0x00000242       0x9d ./Drivers/STM32G0xx_HAL_Driver/Src/stm32g0xx_hal_cortex.o
 .debug_rnglists
                0x000002df       0x45 ./Drivers/STM32G0xx_HAL_Driver/Src/stm32g0xx_hal_gpio.o
 .debug_rnglists
                0x00000324       0xdb ./Drivers/STM32G0xx_HAL_Driver/Src/stm32g0xx_hal_pwr_ex.o
 .debug_rnglists
                0x000003ff       0xb4 ./Drivers/STM32G0xx_HAL_Driver/Src/stm32g0xx_hal_rcc.o
 .debug_rnglists
                0x000004b3       0xa9 ./Drivers/STM32G0xx_HAL_Driver/Src/stm32g0xx_hal_rcc_ex.o
 .debug_rnglists
                0x0000055c      0x589 ./Drivers/STM32G0xx_HAL_Driver/Src/stm32g0xx_hal_uart.o
 .debug_rnglists
                0x00000ae5       0xc1 ./Drivers/STM32G0xx_HAL_Driver/Src/stm32g0xx_hal_uart_ex.o

.debug_macro    0x00000000    0x1a801
 .debug_macro   0x00000000      0x1e3 ./Core/Src/main.o
 .debug_macro   0x000001e3      0xaae ./Core/Src/main.o
 .debug_macro   0x00000c91      0x124 ./Core/Src/main.o
 .debug_macro   0x00000db5       0x2e ./Core/Src/main.o
 .debug_macro   0x00000de3       0x28 ./Core/Src/main.o
 .debug_macro   0x00000e0b       0x22 ./Core/Src/main.o
 .debug_macro   0x00000e2d       0x8e ./Core/Src/main.o
 .debug_macro   0x00000ebb       0x51 ./Core/Src/main.o
 .debug_macro   0x00000f0c      0x103 ./Core/Src/main.o
 .debug_macro   0x0000100f       0x6a ./Core/Src/main.o
 .debug_macro   0x00001079      0x1df ./Core/Src/main.o
 .debug_macro   0x00001258       0x1c ./Core/Src/main.o
 .debug_macro   0x00001274       0x22 ./Core/Src/main.o
 .debug_macro   0x00001296       0xd1 ./Core/Src/main.o
 .debug_macro   0x00001367      0x4da ./Core/Src/main.o
 .debug_macro   0x00001841      0x11f ./Core/Src/main.o
 .debug_macro   0x00001960     0xf3de ./Core/Src/main.o
 .debug_macro   0x00010d3e       0x66 ./Core/Src/main.o
 .debug_macro   0x00010da4     0x350e ./Core/Src/main.o
 .debug_macro   0x000142b2      0x190 ./Core/Src/main.o
 .debug_macro   0x00014442       0x5c ./Core/Src/main.o
 .debug_macro   0x0001449e      0x72c ./Core/Src/main.o
 .debug_macro   0x00014bca     0x1579 ./Core/Src/main.o
 .debug_macro   0x00016143      0x535 ./Core/Src/main.o
 .debug_macro   0x00016678      0x1cf ./Core/Src/main.o
 .debug_macro   0x00016847      0x25b ./Core/Src/main.o
 .debug_macro   0x00016aa2      0x4f5 ./Core/Src/main.o
 .debug_macro   0x00016f97      0x280 ./Core/Src/main.o
 .debug_macro   0x00017217      0x417 ./Core/Src/main.o
 .debug_macro   0x0001762e      0x1b2 ./Core/Src/main.o
 .debug_macro   0x000177e0       0x43 ./Core/Src/main.o
 .debug_macro   0x00017823      0x1f1 ./Core/Src/main.o
 .debug_macro   0x00017a14      0x1e4 ./Core/Src/main.o
 .debug_macro   0x00017bf8      0x3fa ./Core/Src/main.o
 .debug_macro   0x00017ff2       0x28 ./Core/Src/main.o
 .debug_macro   0x0001801a      0x123 ./Core/Src/main.o
 .debug_macro   0x0001813d      0x145 ./Core/Src/main.o
 .debug_macro   0x00018282      0x30b ./Core/Src/main.o
 .debug_macro   0x0001858d      0x693 ./Core/Src/main.o
 .debug_macro   0x00018c20       0xa6 ./Core/Src/main.o
 .debug_macro   0x00018cc6      0x5df ./Core/Src/main.o
 .debug_macro   0x000192a5       0x64 ./Core/Src/main.o
 .debug_macro   0x00019309       0x22 ./Core/Src/main.o
 .debug_macro   0x0001932b      0x1da ./Core/Src/stm32g0xx_hal_msp.o
 .debug_macro   0x00019505      0x1ed ./Core/Src/stm32g0xx_it.o
 .debug_macro   0x000196f2      0x1cb ./Core/Src/system_stm32g0xx.o
 .debug_macro   0x000198bd      0x1ef ./Drivers/STM32G0xx_HAL_Driver/Src/stm32g0xx_hal.o
 .debug_macro   0x00019aac      0x1cb ./Drivers/STM32G0xx_HAL_Driver/Src/stm32g0xx_hal_cortex.o
 .debug_macro   0x00019c77      0x1d2 ./Drivers/STM32G0xx_HAL_Driver/Src/stm32g0xx_hal_gpio.o
 .debug_macro   0x00019e49      0x1f5 ./Drivers/STM32G0xx_HAL_Driver/Src/stm32g0xx_hal_pwr_ex.o
 .debug_macro   0x0001a03e      0x213 ./Drivers/STM32G0xx_HAL_Driver/Src/stm32g0xx_hal_rcc.o
 .debug_macro   0x0001a251      0x1e3 ./Drivers/STM32G0xx_HAL_Driver/Src/stm32g0xx_hal_rcc_ex.o
 .debug_macro   0x0001a434      0x1f6 ./Drivers/STM32G0xx_HAL_Driver/Src/stm32g0xx_hal_uart.o
 .debug_macro   0x0001a62a      0x1d7 ./Drivers/STM32G0xx_HAL_Driver/Src/stm32g0xx_hal_uart_ex.o

.debug_line     0x00000000    0x10a94
 .debug_line    0x00000000      0xb74 ./Core/Src/main.o
 .debug_line    0x00000b74      0x828 ./Core/Src/stm32g0xx_hal_msp.o
 .debug_line    0x0000139c      0x7f8 ./Core/Src/stm32g0xx_it.o
 .debug_line    0x00001b94      0x802 ./Core/Src/system_stm32g0xx.o
 .debug_line    0x00002396       0x7b ./Core/Startup/startup_stm32g0b1retx.o
 .debug_line    0x00002411      0xcb9 ./Drivers/STM32G0xx_HAL_Driver/Src/stm32g0xx_hal.o
 .debug_line    0x000030ca      0xc42 ./Drivers/STM32G0xx_HAL_Driver/Src/stm32g0xx_hal_cortex.o
 .debug_line    0x00003d0c     0x1050 ./Drivers/STM32G0xx_HAL_Driver/Src/stm32g0xx_hal_gpio.o
 .debug_line    0x00004d5c      0xda0 ./Drivers/STM32G0xx_HAL_Driver/Src/stm32g0xx_hal_pwr_ex.o
 .debug_line    0x00005afc     0x1664 ./Drivers/STM32G0xx_HAL_Driver/Src/stm32g0xx_hal_rcc.o
 .debug_line    0x00007160     0x166b ./Drivers/STM32G0xx_HAL_Driver/Src/stm32g0xx_hal_rcc_ex.o
 .debug_line    0x000087cb     0x6fcf ./Drivers/STM32G0xx_HAL_Driver/Src/stm32g0xx_hal_uart.o
 .debug_line    0x0000f79a     0x12fa ./Drivers/STM32G0xx_HAL_Driver/Src/stm32g0xx_hal_uart_ex.o

.debug_str      0x00000000    0xad25b
 .debug_str     0x00000000    0xad25b ./Core/Src/main.o
                              0xab10d (size before relaxing)
 .debug_str     0x000ad25b    0xab035 ./Core/Src/stm32g0xx_hal_msp.o
 .debug_str     0x000ad25b    0xaa823 ./Core/Src/stm32g0xx_it.o
 .debug_str     0x000ad25b    0xaa70e ./Core/Src/system_stm32g0xx.o
 .debug_str     0x000ad25b       0x83 ./Core/Startup/startup_stm32g0b1retx.o
 .debug_str     0x000ad25b    0xaafe7 ./Drivers/STM32G0xx_HAL_Driver/Src/stm32g0xx_hal.o
 .debug_str     0x000ad25b    0xaac11 ./Drivers/STM32G0xx_HAL_Driver/Src/stm32g0xx_hal_cortex.o
 .debug_str     0x000ad25b    0xaa863 ./Drivers/STM32G0xx_HAL_Driver/Src/stm32g0xx_hal_gpio.o
 .debug_str     0x000ad25b    0xaac90 ./Drivers/STM32G0xx_HAL_Driver/Src/stm32g0xx_hal_pwr_ex.o
 .debug_str     0x000ad25b    0xaaeda ./Drivers/STM32G0xx_HAL_Driver/Src/stm32g0xx_hal_rcc.o
 .debug_str     0x000ad25b    0xaad6a ./Drivers/STM32G0xx_HAL_Driver/Src/stm32g0xx_hal_rcc_ex.o
 .debug_str     0x000ad25b    0xab70a ./Drivers/STM32G0xx_HAL_Driver/Src/stm32g0xx_hal_uart.o
 .debug_str     0x000ad25b    0xaafbe ./Drivers/STM32G0xx_HAL_Driver/Src/stm32g0xx_hal_uart_ex.o

.comment        0x00000000       0x43
 .comment       0x00000000       0x43 ./Core/Src/main.o
                                 0x44 (size before relaxing)
 .comment       0x00000043       0x44 ./Core/Src/stm32g0xx_hal_msp.o
 .comment       0x00000043       0x44 ./Core/Src/stm32g0xx_it.o
 .comment       0x00000043       0x44 ./Core/Src/system_stm32g0xx.o
 .comment       0x00000043       0x44 ./Drivers/STM32G0xx_HAL_Driver/Src/stm32g0xx_hal.o
 .comment       0x00000043       0x44 ./Drivers/STM32G0xx_HAL_Driver/Src/stm32g0xx_hal_cortex.o
 .comment       0x00000043       0x44 ./Drivers/STM32G0xx_HAL_Driver/Src/stm32g0xx_hal_gpio.o
 .comment       0x00000043       0x44 ./Drivers/STM32G0xx_HAL_Driver/Src/stm32g0xx_hal_pwr_ex.o
 .comment       0x00000043       0x44 ./Drivers/STM32G0xx_HAL_Driver/Src/stm32g0xx_hal_rcc.o
 .comment       0x00000043       0x44 ./Drivers/STM32G0xx_HAL_Driver/Src/stm32g0xx_hal_rcc_ex.o
 .comment       0x00000043       0x44 ./Drivers/STM32G0xx_HAL_Driver/Src/stm32g0xx_hal_uart.o
 .comment       0x00000043       0x44 ./Drivers/STM32G0xx_HAL_Driver/Src/stm32g0xx_hal_uart_ex.o

.debug_frame    0x00000000     0x14ec
 .debug_frame   0x00000000       0x88 ./Core/Src/main.o
 .debug_frame   0x00000088       0x58 ./Core/Src/stm32g0xx_hal_msp.o
 .debug_frame   0x000000e0       0x68 ./Core/Src/stm32g0xx_it.o
 .debug_frame   0x00000148       0x38 ./Core/Src/system_stm32g0xx.o
 .debug_frame   0x00000180      0x280 ./Drivers/STM32G0xx_HAL_Driver/Src/stm32g0xx_hal.o
 .debug_frame   0x00000400      0x130 ./Drivers/STM32G0xx_HAL_Driver/Src/stm32g0xx_hal_cortex.o
 .debug_frame   0x00000530       0xe4 ./Drivers/STM32G0xx_HAL_Driver/Src/stm32g0xx_hal_gpio.o
 .debug_frame   0x00000614      0x25c ./Drivers/STM32G0xx_HAL_Driver/Src/stm32g0xx_hal_pwr_ex.o
 .debug_frame   0x00000870      0x184 ./Drivers/STM32G0xx_HAL_Driver/Src/stm32g0xx_hal_rcc.o
 .debug_frame   0x000009f4      0x164 ./Drivers/STM32G0xx_HAL_Driver/Src/stm32g0xx_hal_rcc_ex.o
 .debug_frame   0x00000b58      0x704 ./Drivers/STM32G0xx_HAL_Driver/Src/stm32g0xx_hal_uart.o
 .debug_frame   0x0000125c      0x1c8 ./Drivers/STM32G0xx_HAL_Driver/Src/stm32g0xx_hal_uart_ex.o
 .debug_frame   0x00001424       0x20 D:/Programy/STMicroelectronics/STM32CubeIDE_1.19.0/STM32CubeIDE/plugins/com.st.stm32cube.ide.mcu.externaltools.gnu-tools-for-stm32.13.3.rel1.win32_1.0.0.202411081344/tools/bin/../lib/gcc/arm-none-eabi/13.3.1/../../../../arm-none-eabi/lib/thumb/v6-m/nofp\libc_nano.a(libc_a-memset.o)
 .debug_frame   0x00001444       0x2c D:/Programy/STMicroelectronics/STM32CubeIDE_1.19.0/STM32CubeIDE/plugins/com.st.stm32cube.ide.mcu.externaltools.gnu-tools-for-stm32.13.3.rel1.win32_1.0.0.202411081344/tools/bin/../lib/gcc/arm-none-eabi/13.3.1/../../../../arm-none-eabi/lib/thumb/v6-m/nofp\libc_nano.a(libc_a-init.o)
 .debug_frame   0x00001470       0x20 D:/Programy/STMicroelectronics/STM32CubeIDE_1.19.0/STM32CubeIDE/plugins/com.st.stm32cube.ide.mcu.externaltools.gnu-tools-for-stm32.13.3.rel1.win32_1.0.0.202411081344/tools/bin/../lib/gcc/arm-none-eabi/13.3.1/thumb/v6-m/nofp\libgcc.a(_udivsi3.o)
 .debug_frame   0x00001490       0x20 D:/Programy/STMicroelectronics/STM32CubeIDE_1.19.0/STM32CubeIDE/plugins/com.st.stm32cube.ide.mcu.externaltools.gnu-tools-for-stm32.13.3.rel1.win32_1.0.0.202411081344/tools/bin/../lib/gcc/arm-none-eabi/13.3.1/thumb/v6-m/nofp\libgcc.a(_divsi3.o)
 .debug_frame   0x000014b0       0x3c D:/Programy/STMicroelectronics/STM32CubeIDE_1.19.0/STM32CubeIDE/plugins/com.st.stm32cube.ide.mcu.externaltools.gnu-tools-for-stm32.13.3.rel1.win32_1.0.0.202411081344/tools/bin/../lib/gcc/arm-none-eabi/13.3.1/thumb/v6-m/nofp\libgcc.a(_udivmoddi4.o)

.debug_loclists
                0x00000000     0x5faa
 .debug_loclists
                0x00000000       0x6c ./Core/Src/stm32g0xx_hal_msp.o
 .debug_loclists
                0x0000006c       0xa7 ./Core/Src/system_stm32g0xx.o
 .debug_loclists
                0x00000113      0x147 ./Drivers/STM32G0xx_HAL_Driver/Src/stm32g0xx_hal.o
 .debug_loclists
                0x0000025a      0x262 ./Drivers/STM32G0xx_HAL_Driver/Src/stm32g0xx_hal_cortex.o
 .debug_loclists
                0x000004bc      0x612 ./Drivers/STM32G0xx_HAL_Driver/Src/stm32g0xx_hal_gpio.o
 .debug_loclists
                0x00000ace      0x27e ./Drivers/STM32G0xx_HAL_Driver/Src/stm32g0xx_hal_pwr_ex.o
 .debug_loclists
                0x00000d4c      0x55b ./Drivers/STM32G0xx_HAL_Driver/Src/stm32g0xx_hal_rcc.o
 .debug_loclists
                0x000012a7      0x848 ./Drivers/STM32G0xx_HAL_Driver/Src/stm32g0xx_hal_rcc_ex.o
 .debug_loclists
                0x00001aef     0x3aa3 ./Drivers/STM32G0xx_HAL_Driver/Src/stm32g0xx_hal_uart.o
 .debug_loclists
                0x00005592      0xa18 ./Drivers/STM32G0xx_HAL_Driver/Src/stm32g0xx_hal_uart_ex.o

.debug_line_str
                0x00000000       0x67
 .debug_line_str
                0x00000000       0x67 ./Core/Startup/startup_stm32g0b1retx.o
